[0.032s] Invoking command in '/home/root123/桌面/AIC/源码（国赛）/build/linkattacher_msgs': CMAKE_PREFIX_PATH=/opt/ros/humble /usr/bin/cmake /home/root123/桌面/AIC/源码（国赛）/src/yzbot/IFRA_LinkAttacher/linkattacher_msgs -DAMENT_CMAKE_SYMLINK_INSTALL=1 -DCMAKE_INSTALL_PREFIX=/home/root123/桌面/AIC/源码（国赛）/install/linkattacher_msgs
[0.968s] CMake Error at /opt/ros/humble/share/rosidl_cmake/cmake/rosidl_generate_interfaces.cmake:240 (list):
[0.968s]   list index: 1 out of range (-1, 0)
[0.968s] Call Stack (most recent call first):
[0.968s]   CMakeLists.txt:44 (rosidl_generate_interfaces)
[0.968s] 
[0.968s] 
[0.968s] CMake Error at /opt/ros/humble/share/rosidl_cmake/cmake/rosidl_generate_interfaces.cmake:240 (list):
[0.968s]   list index: 1 out of range (-1, 0)
[0.968s] Call Stack (most recent call first):
[0.968s]   CMakeLists.txt:44 (rosidl_generate_interfaces)
[0.968s] 
[0.968s] 
[0.968s] CMake Error at /opt/ros/humble/share/rosidl_cmake/cmake/rosidl_generate_interfaces.cmake:240 (list):
[0.968s]   list index: 1 out of range (-1, 0)
[0.968s] Call Stack (most recent call first):
[0.968s]   CMakeLists.txt:44 (rosidl_generate_interfaces)
[0.969s] 
[0.969s] 
[0.969s] CMake Error at /opt/ros/humble/share/rosidl_cmake/cmake/rosidl_generate_interfaces.cmake:240 (list):
[0.969s]   list index: 1 out of range (-1, 0)
[0.969s] Call Stack (most recent call first):
[0.969s]   CMakeLists.txt:44 (rosidl_generate_interfaces)
[0.969s] 
[0.969s] 
[0.969s] CMake Error at /opt/ros/humble/share/rosidl_generator_c/cmake/rosidl_generator_c_generate_interfaces.cmake:69 (message):
[0.969s]   Target dependency '/AIC/' does not exist
[0.969s] Call Stack (most recent call first):
[0.969s]   /opt/ros/humble/share/ament_cmake_core/cmake/core/ament_execute_extensions.cmake:48 (include)
[0.969s]   /opt/ros/humble/share/rosidl_cmake/cmake/rosidl_generate_interfaces.cmake:286 (ament_execute_extensions)
[0.969s]   CMakeLists.txt:44 (rosidl_generate_interfaces)
[0.969s] 
[0.969s] 
[0.969s] -- The C compiler identification is GNU 11.4.0
[0.969s] -- The CXX compiler identification is GNU 11.4.0
[0.969s] -- Detecting C compiler ABI info
[0.970s] -- Detecting C compiler ABI info - done
[0.970s] -- Check for working C compiler: /usr/bin/cc - skipped
[0.970s] -- Detecting C compile features
[0.970s] -- Detecting C compile features - done
[0.970s] -- Detecting CXX compiler ABI info
[0.970s] -- Detecting CXX compiler ABI info - done
[0.970s] -- Check for working CXX compiler: /usr/bin/c++ - skipped
[0.970s] -- Detecting CXX compile features
[0.970s] -- Detecting CXX compile features - done
[0.970s] -- Found ament_cmake: 1.3.13 (/opt/ros/humble/share/ament_cmake/cmake)
[0.970s] -- Found Python3: /usr/bin/python3 (found version "3.10.12") found components: Interpreter 
[0.970s] -- Override CMake install command with custom implementation using symlinks instead of copying resources
[0.970s] -- Found ament_lint_auto: 0.12.15 (/opt/ros/humble/share/ament_lint_auto/cmake)
[0.970s] -- Found rosidl_default_generators: 1.2.0 (/opt/ros/humble/share/rosidl_default_generators/cmake)
[0.970s] -- Using all available rosidl_typesupport_c: rosidl_typesupport_fastrtps_c;rosidl_typesupport_introspection_c
[0.970s] -- Found rosidl_adapter: 3.1.8 (/opt/ros/humble/share/rosidl_adapter/cmake)
[0.970s] -- Using all available rosidl_typesupport_cpp: rosidl_typesupport_fastrtps_cpp;rosidl_typesupport_introspection_cpp
[0.970s] -- Configuring incomplete, errors occurred!
[0.970s] See also "/home/root123/桌面/AIC/源码（国赛）/build/linkattacher_msgs/CMakeFiles/CMakeOutput.log".
[1.130s] Invoked command in '/home/root123/桌面/AIC/源码（国赛）/build/linkattacher_msgs' returned '1': CMAKE_PREFIX_PATH=/opt/ros/humble /usr/bin/cmake /home/root123/桌面/AIC/源码（国赛）/src/yzbot/IFRA_LinkAttacher/linkattacher_msgs -DAMENT_CMAKE_SYMLINK_INSTALL=1 -DCMAKE_INSTALL_PREFIX=/home/root123/桌面/AIC/源码（国赛）/install/linkattacher_msgs
