running develop
running egg_info
creating mybot_description.egg-info
writing mybot_description.egg-info/PKG-INFO
writing dependency_links to mybot_description.egg-info/dependency_links.txt
writing entry points to mybot_description.egg-info/entry_points.txt
writing requirements to mybot_description.egg-info/requires.txt
writing top-level names to mybot_description.egg-info/top_level.txt
writing manifest file 'mybot_description.egg-info/SOURCES.txt'
reading manifest file 'mybot_description.egg-info/SOURCES.txt'
writing manifest file 'mybot_description.egg-info/SOURCES.txt'
running build_ext
Creating /home/root123/桌面/AIC/源码（国赛）/install_run/mybot_description/lib/python3.10/site-packages/mybot-description.egg-link (link to .)

Installed /home/root123/桌面/AIC/源码（国赛）/build_run/mybot_description
running symlink_data
creating /home/root123/桌面/AIC/源码（国赛）/install_run/mybot_description/share/ament_index
creating /home/root123/桌面/AIC/源码（国赛）/install_run/mybot_description/share/ament_index/resource_index
creating /home/root123/桌面/AIC/源码（国赛）/install_run/mybot_description/share/ament_index/resource_index/packages
symbolically linking /home/root123/桌面/AIC/源码（国赛）/build_run/mybot_description/resource/mybot_description -> /home/root123/桌面/AIC/源码（国赛）/install_run/mybot_description/share/ament_index/resource_index/packages
symbolically linking /home/root123/桌面/AIC/源码（国赛）/build_run/mybot_description/package.xml -> /home/root123/桌面/AIC/源码（国赛）/install_run/mybot_description/share/mybot_description
creating /home/root123/桌面/AIC/源码（国赛）/install_run/mybot_description/share/mybot_description/urdf
symbolically linking /home/root123/桌面/AIC/源码（国赛）/build_run/mybot_description/urdf/lidar_gazebo.xacro -> /home/root123/桌面/AIC/源码（国赛）/install_run/mybot_description/share/mybot_description/urdf
symbolically linking /home/root123/桌面/AIC/源码（国赛）/build_run/mybot_description/urdf/originbot_with_arm_gazebo.xacro -> /home/root123/桌面/AIC/源码（国赛）/install_run/mybot_description/share/mybot_description/urdf
symbolically linking /home/root123/桌面/AIC/源码（国赛）/build_run/mybot_description/urdf/arm.xacro -> /home/root123/桌面/AIC/源码（国赛）/install_run/mybot_description/share/mybot_description/urdf
symbolically linking /home/root123/桌面/AIC/源码（国赛）/build_run/mybot_description/urdf/rgbd_gazebo.xacro -> /home/root123/桌面/AIC/源码（国赛）/install_run/mybot_description/share/mybot_description/urdf
symbolically linking /home/root123/桌面/AIC/源码（国赛）/build_run/mybot_description/urdf/originbot_with_rgbd_gazebo_arm.xacro -> /home/root123/桌面/AIC/源码（国赛）/install_run/mybot_description/share/mybot_description/urdf
symbolically linking /home/root123/桌面/AIC/源码（国赛）/build_run/mybot_description/urdf/camera_gazebo.xacro -> /home/root123/桌面/AIC/源码（国赛）/install_run/mybot_description/share/mybot_description/urdf
symbolically linking /home/root123/桌面/AIC/源码（国赛）/build_run/mybot_description/urdf/imu_gazebo.xacro -> /home/root123/桌面/AIC/源码（国赛）/install_run/mybot_description/share/mybot_description/urdf
symbolically linking /home/root123/桌面/AIC/源码（国赛）/build_run/mybot_description/urdf/large_base.xacro -> /home/root123/桌面/AIC/源码（国赛）/install_run/mybot_description/share/mybot_description/urdf
creating /home/root123/桌面/AIC/源码（国赛）/install_run/mybot_description/share/mybot_description/worlds
symbolically linking /home/root123/桌面/AIC/源码（国赛）/build_run/mybot_description/worlds/room.world -> /home/root123/桌面/AIC/源码（国赛）/install_run/mybot_description/share/mybot_description/worlds
symbolically linking /home/root123/桌面/AIC/源码（国赛）/build_run/mybot_description/worlds/cloister.world -> /home/root123/桌面/AIC/源码（国赛）/install_run/mybot_description/share/mybot_description/worlds
symbolically linking /home/root123/桌面/AIC/源码（国赛）/build_run/mybot_description/worlds/box.world -> /home/root123/桌面/AIC/源码（国赛）/install_run/mybot_description/share/mybot_description/worlds
