[0.327s] Invoking command in '/home/root123/桌面/AIC/源码（国赛）/build/gazebo_physics_obstacle_plugin': CMAKE_PREFIX_PATH=/opt/ros/humble /usr/bin/cmake /home/root123/桌面/AIC/源码（国赛）/src/gazebo_physics_obstacle_plugin -DAMENT_CMAKE_SYMLINK_INSTALL=1 -DCMAKE_INSTALL_PREFIX=/home/root123/桌面/AIC/源码（国赛）/install/gazebo_physics_obstacle_plugin
[0.957s] -- The C compiler identification is GNU 11.4.0
[0.957s] -- The CXX compiler identification is GNU 11.4.0
[0.957s] -- Detecting C compiler ABI info
[0.957s] -- Detecting C compiler ABI info - done
[0.957s] -- Check for working C compiler: /usr/bin/cc - skipped
[0.957s] -- Detecting C compile features
[0.957s] -- Detecting C compile features - done
[0.957s] -- Detecting CXX compiler ABI info
[0.957s] -- Detecting CXX compiler ABI info - done
[0.957s] -- Check for working CXX compiler: /usr/bin/c++ - skipped
[0.957s] -- Detecting CXX compile features
[0.957s] -- Detecting CXX compile features - done
[0.957s] -- Found ament_cmake: 1.3.13 (/opt/ros/humble/share/ament_cmake/cmake)
[0.957s] -- Found Python3: /usr/bin/python3 (found version "3.10.12") found components: Interpreter 
[0.957s] -- Override CMake install command with custom implementation using symlinks instead of copying resources
[0.957s] -- Found gazebo_dev: 3.9.0 (/opt/ros/humble/share/gazebo_dev/cmake)
[0.957s] -- Found PkgConfig: /usr/bin/pkg-config (found version "0.29.2") 
[0.957s] -- Checking for module 'bullet>=2.82'
[0.957s] --   Found bullet, version 3.05
[0.957s] -- Found fcl: /usr/include (found suitable version "0.7.0", minimum required is "0.5.0") 
[0.957s] -- Found assimp: /usr/include (found version "5.2.0") 
[0.957s] -- Found DART: /usr/include (Required is at least version "6.6") found components: dart 
[1.123s] -- Found Boost: /usr/lib/x86_64-linux-gnu/cmake/Boost-1.74.0/BoostConfig.cmake (found suitable version "1.74.0", minimum required is "1.40.0") found components: thread system filesystem program_options regex iostreams date_time 
[1.123s] -- Found Protobuf: /usr/lib/x86_64-linux-gnu/libprotobuf.so (found version "3.12.4") 
[1.123s] -- Looking for ignition-math6 -- found version 6.15.1
[1.123s] -- Searching for dependencies of ignition-math6
[1.123s] -- Looking for OGRE...
[1.123s] -- OGRE_PREFIX_WATCH changed.
[1.123s] -- Checking for module 'OGRE'
[1.123s] --   Found OGRE, version 1.9.0
[1.155s] -- Found Ogre Ghadamon (1.9.0)
[1.162s] -- Found OGRE: optimized;/usr/lib/x86_64-linux-gnu/libOgreMain.so;debug;/usr/lib/x86_64-linux-gnu/libOgreMain.so
[1.169s] -- Looking for OGRE_Paging...
[1.174s] -- Found OGRE_Paging: optimized;/usr/lib/x86_64-linux-gnu/libOgrePaging.so;debug;/usr/lib/x86_64-linux-gnu/libOgrePaging.so
[1.174s] -- Looking for OGRE_Terrain...
[1.177s] -- Found OGRE_Terrain: optimized;/usr/lib/x86_64-linux-gnu/libOgreTerrain.so;debug;/usr/lib/x86_64-linux-gnu/libOgreTerrain.so
[1.177s] -- Looking for OGRE_Property...
[1.181s] -- Found OGRE_Property: optimized;/usr/lib/x86_64-linux-gnu/libOgreProperty.so;debug;/usr/lib/x86_64-linux-gnu/libOgreProperty.so
[1.181s] -- Looking for OGRE_RTShaderSystem...
[1.184s] -- Found OGRE_RTShaderSystem: optimized;/usr/lib/x86_64-linux-gnu/libOgreRTShaderSystem.so;debug;/usr/lib/x86_64-linux-gnu/libOgreRTShaderSystem.so
[1.184s] -- Looking for OGRE_Volume...
[1.187s] -- Found OGRE_Volume: optimized;/usr/lib/x86_64-linux-gnu/libOgreVolume.so;debug;/usr/lib/x86_64-linux-gnu/libOgreVolume.so
[1.187s] -- Looking for OGRE_Overlay...
[1.190s] -- Found OGRE_Overlay: optimized;/usr/lib/x86_64-linux-gnu/libOgreOverlay.so;debug;/usr/lib/x86_64-linux-gnu/libOgreOverlay.so
[1.263s] -- Looking for ignition-math6 -- found version 6.15.1
[1.266s] -- Looking for ignition-transport8 -- found version 8.2.1
[1.267s] -- Searching for dependencies of ignition-transport8
[1.280s] -- Found Protobuf: /usr/lib/x86_64-linux-gnu/libprotobuf.so (found suitable version "3.12.4", minimum required is "3") 
[1.287s] -- Config-file not installed for ZeroMQ -- checking for pkg-config
[1.291s] -- Checking for module 'libzmq >= 4'
[1.304s] --   Found libzmq , version 4.3.4
[1.335s] -- Found ZeroMQ: TRUE (Required is at least version "4") 
[1.341s] -- Checking for module 'uuid'
[1.355s] --   Found uuid, version 2.37.2
[1.388s] -- Found UUID: TRUE  
[1.392s] -- Looking for ignition-msgs5 -- found version 5.8.1
[1.392s] -- Searching for dependencies of ignition-msgs5
[1.405s] -- Looking for ignition-math6 -- found version 6.15.1
[1.411s] -- Checking for module 'tinyxml2'
[1.431s] --   Found tinyxml2, version 9.0.0
[1.480s] -- Looking for ignition-msgs5 -- found version 5.8.1
[1.484s] -- Looking for ignition-common3 -- found version 3.14.0
[1.485s] -- Searching for dependencies of ignition-common3
[1.486s] -- Looking for dlfcn.h - found
[1.487s] -- Looking for libdl - found
[1.488s] -- Found DL: TRUE  
[1.505s] -- Found tinyobjloader: /usr/lib/x86_64-linux-gnu/cmake/tinyobjloader/tinyobjloader-config.cmake (found version "2.0.0") 
[1.506s] -- Searching for <ignition-common3> component [graphics]
[1.509s] -- Looking for ignition-common3-graphics -- found version 3.14.0
[1.510s] -- Searching for dependencies of ignition-common3-graphics
[1.510s] -- Looking for ignition-math6 -- found version 6.15.1
[1.513s] -- Looking for ignition-fuel_tools4 -- found version 4.4.0
[1.514s] -- Searching for dependencies of ignition-fuel_tools4
[1.600s] -- Found CURL: /usr/lib/x86_64-linux-gnu/libcurl.so (found version "7.81.0")  
[1.614s] -- Checking for module 'jsoncpp'
[1.632s] --   Found jsoncpp, version 1.9.5
[1.677s] -- Found JSONCPP: TRUE  
[1.687s] -- Checking for module 'libzip'
[1.704s] --   Found libzip, version 1.7.3
[1.748s] -- Found ZIP: TRUE  
[1.748s] -- Looking for ignition-common3 -- found version 3.14.0
[1.749s] -- Looking for ignition-math6 -- found version 6.15.1
[1.749s] -- Looking for ignition-msgs5 -- found version 5.8.1
[1.758s] -- Gazebo version: 11.10
[1.758s] -- Checking for module 'tbb'
[1.776s] --   Found tbb, version 2021.5.0
[1.822s] -- Found gazebo_msgs: 3.9.0 (/opt/ros/humble/share/gazebo_msgs/cmake)
[1.852s] -- Found rosidl_generator_c: 3.1.8 (/opt/ros/humble/share/rosidl_generator_c/cmake)
[1.855s] -- Found rosidl_adapter: 3.1.8 (/opt/ros/humble/share/rosidl_adapter/cmake)
[1.861s] -- Found rosidl_generator_cpp: 3.1.8 (/opt/ros/humble/share/rosidl_generator_cpp/cmake)
[1.869s] -- Using all available rosidl_typesupport_c: rosidl_typesupport_fastrtps_c;rosidl_typesupport_introspection_c
[1.879s] -- Using all available rosidl_typesupport_cpp: rosidl_typesupport_fastrtps_cpp;rosidl_typesupport_introspection_cpp
[1.940s] -- Found rclcpp: 16.0.18 (/opt/ros/humble/share/rclcpp/cmake)
[1.971s] -- Found rmw_implementation_cmake: 6.1.2 (/opt/ros/humble/share/rmw_implementation_cmake/cmake)
[1.973s] -- Found rmw_fastrtps_cpp: 6.2.10 (/opt/ros/humble/share/rmw_fastrtps_cpp/cmake)
[2.065s] -- Found OpenSSL: /usr/lib/x86_64-linux-gnu/libcrypto.so (found version "3.0.2")  
[2.090s] -- Found FastRTPS: /opt/ros/humble/include  
[2.122s] -- Using RMW implementation 'rmw_fastrtps_cpp' as default
[2.135s] -- Found Threads: TRUE  
[2.215s] -- Configuring done
[2.240s] -- Generating done
[2.244s] -- Build files have been written to: /home/root123/桌面/AIC/源码（国赛）/build/gazebo_physics_obstacle_plugin
