[INFO] [1791031206.864497335] [simple_nav2_navigator]: 增强版Nav2导航节点启动成功！
[INFO] [1791031206.864902946] [simple_nav2_navigator]: 支持：紧急停止、路径中断
[INFO] [1791031206.865115377] [simple_nav2_navigator]: 用法：发布目标到/manual_nav_target
[INFO] [1791031276.022824897] [simple_nav2_navigator]: 收到自定义目标：x=-8.15, y=1.00, 朝向=0.00rad
[INFO] [1791031276.024274358] [simple_nav2_navigator]: 检查目标点是否可达...
[INFO] [1791031276.064685552] [simple_nav2_navigator]: 路径检查通过，开始导航
[INFO] [1791031276.066867482] [simple_nav2_navigator]: 导航目标已被接受，等待完成...
[INFO] [1791031296.686460571] [simple_nav2_navigator]: 导航成功！已到达目标点
[INFO] [1791031298.382575027] [simple_nav2_navigator]: 收到自定义目标：x=2.59, y=-5.73, 朝向=0.00rad
[INFO] [1791031298.383099325] [simple_nav2_navigator]: 检查目标点是否可达...
[INFO] [1791031298.429733522] [simple_nav2_navigator]: 路径检查通过，开始导航
[INFO] [1791031298.437028801] [simple_nav2_navigator]: 导航目标已被接受，等待完成...
[ERROR] [1791031791.355903479] [simple_nav2_navigator]: 导航失败：路径规划失败/避障中断
[INFO] [1791031791.357729208] [simple_nav2_navigator]: 收到自定义目标：x=2.59, y=-5.73, 朝向=0.00rad
[INFO] [1791031791.358133422] [simple_nav2_navigator]: 检查目标点是否可达...
[INFO] [1791031791.407114596] [simple_nav2_navigator]: 路径检查通过，开始导航
[INFO] [1791031791.409860428] [simple_nav2_navigator]: 导航目标已被接受，等待完成...
[WARN] [1791032200.388610452] [simple_nav2_navigator]: 导航栈恢复中，保留当前目标，等待恢复后续跑
[INFO] [1791032238.837260501] [simple_nav2_navigator]: 导航位姿与服务恢复，重新规划并继续原目标
[INFO] [1791032238.837631978] [simple_nav2_navigator]: 检查目标点是否可达...
[INFO] [1791032238.854660694] [simple_nav2_navigator]: 路径检查通过，开始导航
[INFO] [1791032238.856253673] [simple_nav2_navigator]: 导航目标已被接受，等待完成...
[WARN] [1791032568.208137448] [simple_nav2_navigator]: 导航栈恢复中，保留当前目标，等待恢复后续跑
[INFO] [1791032609.300573303] [simple_nav2_navigator]: 导航位姿与服务恢复，重新规划并继续原目标
[INFO] [1791032609.301124641] [simple_nav2_navigator]: 检查目标点是否可达...
[INFO] [1791032609.318810669] [simple_nav2_navigator]: 路径检查通过，开始导航
[INFO] [1791032609.322186516] [simple_nav2_navigator]: 导航目标已被接受，等待完成...
[INFO] [1791032610.702498110] [simple_nav2_navigator]: 导航成功！已到达目标点
[INFO] [1791032614.636802420] [simple_nav2_navigator]: 收到自定义目标：x=-6.50, y=1.80, 朝向=0.00rad
[INFO] [1791032614.637280852] [simple_nav2_navigator]: 检查目标点是否可达...
[INFO] [1791032614.694203242] [simple_nav2_navigator]: 路径检查通过，开始导航
[INFO] [1791032614.696631505] [simple_nav2_navigator]: 导航目标已被接受，等待完成...
[INFO] [1791032643.861898763] [simple_nav2_navigator]: 导航成功！已到达目标点
[INFO] [1791032643.864734752] [simple_nav2_navigator]: 收到自定义目标：x=-5.19, y=5.51, 朝向=0.00rad
[INFO] [1791032643.865245492] [simple_nav2_navigator]: 检查目标点是否可达...
[INFO] [1791032643.890722654] [simple_nav2_navigator]: 路径检查通过，开始导航
[INFO] [1791032643.899327136] [simple_nav2_navigator]: 导航目标已被接受，等待完成...
[INFO] [1791032655.421881865] [simple_nav2_navigator]: 导航成功！已到达目标点
[INFO] [1791032657.406881964] [simple_nav2_navigator]: 收到自定义目标：x=2.59, y=-5.73, 朝向=0.00rad
[INFO] [1791032657.407319035] [simple_nav2_navigator]: 检查目标点是否可达...
[INFO] [1791032657.452454775] [simple_nav2_navigator]: 路径检查通过，开始导航
[INFO] [1791032657.454564427] [simple_nav2_navigator]: 导航目标已被接受，等待完成...
[INFO] [1791032699.643128943] [simple_nav2_navigator]: 导航成功！已到达目标点
[INFO] [1791032704.330967524] [simple_nav2_navigator]: 收到自定义目标：x=9.60, y=-3.16, 朝向=0.00rad
[INFO] [1791032704.331468504] [simple_nav2_navigator]: 检查目标点是否可达...
[INFO] [1791032704.379250743] [simple_nav2_navigator]: 路径检查通过，开始导航
[INFO] [1791032704.392732882] [simple_nav2_navigator]: 导航目标已被接受，等待完成...
[INFO] [1791032729.508166443] [simple_nav2_navigator]: 导航成功！已到达目标点
[INFO] [1791032731.565864650] [simple_nav2_navigator]: 收到自定义目标：x=2.59, y=-5.73, 朝向=0.00rad
[INFO] [1791032731.566298379] [simple_nav2_navigator]: 检查目标点是否可达...
[INFO] [1791032731.604580358] [simple_nav2_navigator]: 路径检查通过，开始导航
[INFO] [1791032731.620430830] [simple_nav2_navigator]: 导航目标已被接受，等待完成...
[INFO] [1791032759.206425281] [simple_nav2_navigator]: 导航成功！已到达目标点
