[0.063s] DEBUG:colcon:Command line arguments: ['/usr/bin/colcon', '--log-base', 'log_run', 'build', '--base-paths', 'src', '--build-base', 'build_run', '--install-base', 'install_run', '--symlink-install', '--parallel-workers', '2']
[0.063s] DEBUG:colcon:Parsed command line arguments: Namespace(log_base='log_run', log_level=None, verb_name='build', build_base='/home/root123/桌面/AIC/源码（国赛）/build_run', install_base='/home/root123/桌面/AIC/源码（国赛）/install_run', merge_install=False, symlink_install=True, test_result_base=None, continue_on_error=False, executor='parallel', parallel_workers=2, event_handlers=None, ignore_user_meta=False, metas=['./colcon.meta'], base_paths=['src'], packages_ignore=None, packages_ignore_regex=None, paths=None, packages_up_to=None, packages_up_to_regex=None, packages_above=None, packages_above_and_dependencies=None, packages_above_depth=None, packages_select_by_dep=None, packages_skip_by_dep=None, packages_skip_up_to=None, packages_select_build_failed=False, packages_skip_build_finished=False, packages_select_test_failures=False, packages_skip_test_passed=False, packages_select=None, packages_skip=None, packages_select_regex=None, packages_skip_regex=None, packages_start=None, packages_end=None, allow_overriding=[], cmake_args=None, cmake_target=None, cmake_target_skip_unavailable=False, cmake_clean_cache=False, cmake_clean_first=False, cmake_force_configure=False, ament_cmake_args=None, catkin_cmake_args=None, catkin_skip_building_tests=False, verb_parser=<colcon_defaults.argument_parser.defaults.DefaultArgumentsDecorator object at 0x78d5d48d4f40>, verb_extension=<colcon_core.verb.build.BuildVerb object at 0x78d5d48d4880>, main=<bound method BuildVerb.main of <colcon_core.verb.build.BuildVerb object at 0x78d5d48d4880>>)
[0.165s] Level 1:colcon.colcon_core.package_discovery:discover_packages(colcon_meta) check parameters
[0.165s] Level 1:colcon.colcon_core.package_discovery:discover_packages(recursive) check parameters
[0.165s] Level 1:colcon.colcon_core.package_discovery:discover_packages(ignore) check parameters
[0.165s] Level 1:colcon.colcon_core.package_discovery:discover_packages(path) check parameters
[0.165s] Level 1:colcon.colcon_core.package_discovery:discover_packages(recursive) discover
[0.165s] INFO:colcon.colcon_core.package_discovery:Crawling recursively for packages in '/home/root123/桌面/AIC/源码（国赛）/src'
[0.165s] Level 1:colcon.colcon_core.package_identification:_identify(src) by extensions ['ignore', 'ignore_ament_install']
[0.165s] Level 1:colcon.colcon_core.package_identification:_identify(src) by extension 'ignore'
[0.165s] Level 1:colcon.colcon_core.package_identification:_identify(src) by extension 'ignore_ament_install'
[0.166s] Level 1:colcon.colcon_core.package_identification:_identify(src) by extensions ['colcon_pkg']
[0.166s] Level 1:colcon.colcon_core.package_identification:_identify(src) by extension 'colcon_pkg'
[0.166s] Level 1:colcon.colcon_core.package_identification:_identify(src) by extensions ['colcon_meta']
[0.166s] Level 1:colcon.colcon_core.package_identification:_identify(src) by extension 'colcon_meta'
[0.166s] Level 1:colcon.colcon_core.package_identification:_identify(src) by extensions ['ros']
[0.166s] Level 1:colcon.colcon_core.package_identification:_identify(src) by extension 'ros'
[0.173s] Level 1:colcon.colcon_core.package_identification:_identify(src) by extensions ['cmake', 'python']
[0.173s] Level 1:colcon.colcon_core.package_identification:_identify(src) by extension 'cmake'
[0.173s] Level 1:colcon.colcon_core.package_identification:_identify(src) by extension 'python'
[0.173s] Level 1:colcon.colcon_core.package_identification:_identify(src) by extensions ['python_setup_py']
[0.173s] Level 1:colcon.colcon_core.package_identification:_identify(src) by extension 'python_setup_py'
[0.173s] Level 1:colcon.colcon_core.package_identification:_identify(src/arm_action_integration) by extensions ['ignore', 'ignore_ament_install']
[0.173s] Level 1:colcon.colcon_core.package_identification:_identify(src/arm_action_integration) by extension 'ignore'
[0.173s] Level 1:colcon.colcon_core.package_identification:_identify(src/arm_action_integration) by extension 'ignore_ament_install'
[0.173s] Level 1:colcon.colcon_core.package_identification:_identify(src/arm_action_integration) by extensions ['colcon_pkg']
[0.173s] Level 1:colcon.colcon_core.package_identification:_identify(src/arm_action_integration) by extension 'colcon_pkg'
[0.173s] Level 1:colcon.colcon_core.package_identification:_identify(src/arm_action_integration) by extensions ['colcon_meta']
[0.173s] Level 1:colcon.colcon_core.package_identification:_identify(src/arm_action_integration) by extension 'colcon_meta'
[0.173s] Level 1:colcon.colcon_core.package_identification:_identify(src/arm_action_integration) by extensions ['ros']
[0.173s] Level 1:colcon.colcon_core.package_identification:_identify(src/arm_action_integration) by extension 'ros'
[0.175s] DEBUG:colcon.colcon_core.package_identification:Package 'src/arm_action_integration' with type 'ros.ament_python' and name 'arm_action_integration'
[0.175s] Level 1:colcon.colcon_core.package_identification:_identify(src/gazebo_physics_obstacle_plugin) by extensions ['ignore', 'ignore_ament_install']
[0.175s] Level 1:colcon.colcon_core.package_identification:_identify(src/gazebo_physics_obstacle_plugin) by extension 'ignore'
[0.175s] Level 1:colcon.colcon_core.package_identification:_identify(src/gazebo_physics_obstacle_plugin) by extension 'ignore_ament_install'
[0.175s] Level 1:colcon.colcon_core.package_identification:_identify(src/gazebo_physics_obstacle_plugin) by extensions ['colcon_pkg']
[0.175s] Level 1:colcon.colcon_core.package_identification:_identify(src/gazebo_physics_obstacle_plugin) by extension 'colcon_pkg'
[0.175s] Level 1:colcon.colcon_core.package_identification:_identify(src/gazebo_physics_obstacle_plugin) by extensions ['colcon_meta']
[0.175s] Level 1:colcon.colcon_core.package_identification:_identify(src/gazebo_physics_obstacle_plugin) by extension 'colcon_meta'
[0.175s] Level 1:colcon.colcon_core.package_identification:_identify(src/gazebo_physics_obstacle_plugin) by extensions ['ros']
[0.175s] Level 1:colcon.colcon_core.package_identification:_identify(src/gazebo_physics_obstacle_plugin) by extension 'ros'
[0.176s] DEBUG:colcon.colcon_core.package_identification:Package 'src/gazebo_physics_obstacle_plugin' with type 'ros.ament_cmake' and name 'gazebo_physics_obstacle_plugin'
[0.176s] Level 1:colcon.colcon_core.package_identification:_identify(src/llama_command_parser) by extensions ['ignore', 'ignore_ament_install']
[0.176s] Level 1:colcon.colcon_core.package_identification:_identify(src/llama_command_parser) by extension 'ignore'
[0.176s] Level 1:colcon.colcon_core.package_identification:_identify(src/llama_command_parser) by extension 'ignore_ament_install'
[0.176s] Level 1:colcon.colcon_core.package_identification:_identify(src/llama_command_parser) by extensions ['colcon_pkg']
[0.176s] Level 1:colcon.colcon_core.package_identification:_identify(src/llama_command_parser) by extension 'colcon_pkg'
[0.176s] Level 1:colcon.colcon_core.package_identification:_identify(src/llama_command_parser) by extensions ['colcon_meta']
[0.176s] Level 1:colcon.colcon_core.package_identification:_identify(src/llama_command_parser) by extension 'colcon_meta'
[0.176s] Level 1:colcon.colcon_core.package_identification:_identify(src/llama_command_parser) by extensions ['ros']
[0.176s] Level 1:colcon.colcon_core.package_identification:_identify(src/llama_command_parser) by extension 'ros'
[0.176s] DEBUG:colcon.colcon_core.package_identification:Package 'src/llama_command_parser' with type 'ros.ament_python' and name 'llama_command_parser'
[0.176s] Level 1:colcon.colcon_core.package_identification:_identify(src/main_controller) by extensions ['ignore', 'ignore_ament_install']
[0.176s] Level 1:colcon.colcon_core.package_identification:_identify(src/main_controller) by extension 'ignore'
[0.176s] Level 1:colcon.colcon_core.package_identification:_identify(src/main_controller) by extension 'ignore_ament_install'
[0.176s] Level 1:colcon.colcon_core.package_identification:_identify(src/main_controller) by extensions ['colcon_pkg']
[0.176s] Level 1:colcon.colcon_core.package_identification:_identify(src/main_controller) by extension 'colcon_pkg'
[0.176s] Level 1:colcon.colcon_core.package_identification:_identify(src/main_controller) by extensions ['colcon_meta']
[0.176s] Level 1:colcon.colcon_core.package_identification:_identify(src/main_controller) by extension 'colcon_meta'
[0.176s] Level 1:colcon.colcon_core.package_identification:_identify(src/main_controller) by extensions ['ros']
[0.176s] Level 1:colcon.colcon_core.package_identification:_identify(src/main_controller) by extension 'ros'
[0.177s] DEBUG:colcon.colcon_core.package_identification:Package 'src/main_controller' with type 'ros.ament_python' and name 'main_controller'
[0.177s] Level 1:colcon.colcon_core.package_identification:_identify(src/nav_simple) by extensions ['ignore', 'ignore_ament_install']
[0.177s] Level 1:colcon.colcon_core.package_identification:_identify(src/nav_simple) by extension 'ignore'
[0.177s] Level 1:colcon.colcon_core.package_identification:_identify(src/nav_simple) by extension 'ignore_ament_install'
[0.177s] Level 1:colcon.colcon_core.package_identification:_identify(src/nav_simple) by extensions ['colcon_pkg']
[0.177s] Level 1:colcon.colcon_core.package_identification:_identify(src/nav_simple) by extension 'colcon_pkg'
[0.177s] Level 1:colcon.colcon_core.package_identification:_identify(src/nav_simple) by extensions ['colcon_meta']
[0.177s] Level 1:colcon.colcon_core.package_identification:_identify(src/nav_simple) by extension 'colcon_meta'
[0.177s] Level 1:colcon.colcon_core.package_identification:_identify(src/nav_simple) by extensions ['ros']
[0.177s] Level 1:colcon.colcon_core.package_identification:_identify(src/nav_simple) by extension 'ros'
[0.178s] DEBUG:colcon.colcon_core.package_identification:Package 'src/nav_simple' with type 'ros.ament_python' and name 'nav_simple'
[0.178s] Level 1:colcon.colcon_core.package_identification:_identify(src/package_detector) by extensions ['ignore', 'ignore_ament_install']
[0.178s] Level 1:colcon.colcon_core.package_identification:_identify(src/package_detector) by extension 'ignore'
[0.178s] Level 1:colcon.colcon_core.package_identification:_identify(src/package_detector) by extension 'ignore_ament_install'
[0.178s] Level 1:colcon.colcon_core.package_identification:_identify(src/package_detector) by extensions ['colcon_pkg']
[0.178s] Level 1:colcon.colcon_core.package_identification:_identify(src/package_detector) by extension 'colcon_pkg'
[0.178s] Level 1:colcon.colcon_core.package_identification:_identify(src/package_detector) by extensions ['colcon_meta']
[0.178s] Level 1:colcon.colcon_core.package_identification:_identify(src/package_detector) by extension 'colcon_meta'
[0.178s] Level 1:colcon.colcon_core.package_identification:_identify(src/package_detector) by extensions ['ros']
[0.178s] Level 1:colcon.colcon_core.package_identification:_identify(src/package_detector) by extension 'ros'
[0.178s] DEBUG:colcon.colcon_core.package_identification:Package 'src/package_detector' with type 'ros.ament_python' and name 'package_detector'
[0.178s] Level 1:colcon.colcon_core.package_identification:_identify(src/yzbot) by extensions ['ignore', 'ignore_ament_install']
[0.178s] Level 1:colcon.colcon_core.package_identification:_identify(src/yzbot) by extension 'ignore'
[0.179s] Level 1:colcon.colcon_core.package_identification:_identify(src/yzbot) by extension 'ignore_ament_install'
[0.179s] Level 1:colcon.colcon_core.package_identification:_identify(src/yzbot) by extensions ['colcon_pkg']
[0.179s] Level 1:colcon.colcon_core.package_identification:_identify(src/yzbot) by extension 'colcon_pkg'
[0.179s] Level 1:colcon.colcon_core.package_identification:_identify(src/yzbot) by extensions ['colcon_meta']
[0.179s] Level 1:colcon.colcon_core.package_identification:_identify(src/yzbot) by extension 'colcon_meta'
[0.179s] Level 1:colcon.colcon_core.package_identification:_identify(src/yzbot) by extensions ['ros']
[0.179s] Level 1:colcon.colcon_core.package_identification:_identify(src/yzbot) by extension 'ros'
[0.179s] Level 1:colcon.colcon_core.package_identification:_identify(src/yzbot) by extensions ['cmake', 'python']
[0.179s] Level 1:colcon.colcon_core.package_identification:_identify(src/yzbot) by extension 'cmake'
[0.179s] Level 1:colcon.colcon_core.package_identification:_identify(src/yzbot) by extension 'python'
[0.179s] Level 1:colcon.colcon_core.package_identification:_identify(src/yzbot) by extensions ['python_setup_py']
[0.179s] Level 1:colcon.colcon_core.package_identification:_identify(src/yzbot) by extension 'python_setup_py'
[0.179s] Level 1:colcon.colcon_core.package_identification:_identify(src/yzbot/IFRA_LinkAttacher) by extensions ['ignore', 'ignore_ament_install']
[0.179s] Level 1:colcon.colcon_core.package_identification:_identify(src/yzbot/IFRA_LinkAttacher) by extension 'ignore'
[0.179s] Level 1:colcon.colcon_core.package_identification:_identify(src/yzbot/IFRA_LinkAttacher) by extension 'ignore_ament_install'
[0.179s] Level 1:colcon.colcon_core.package_identification:_identify(src/yzbot/IFRA_LinkAttacher) by extensions ['colcon_pkg']
[0.179s] Level 1:colcon.colcon_core.package_identification:_identify(src/yzbot/IFRA_LinkAttacher) by extension 'colcon_pkg'
[0.179s] Level 1:colcon.colcon_core.package_identification:_identify(src/yzbot/IFRA_LinkAttacher) by extensions ['colcon_meta']
[0.179s] Level 1:colcon.colcon_core.package_identification:_identify(src/yzbot/IFRA_LinkAttacher) by extension 'colcon_meta'
[0.179s] Level 1:colcon.colcon_core.package_identification:_identify(src/yzbot/IFRA_LinkAttacher) by extensions ['ros']
[0.179s] Level 1:colcon.colcon_core.package_identification:_identify(src/yzbot/IFRA_LinkAttacher) by extension 'ros'
[0.179s] Level 1:colcon.colcon_core.package_identification:_identify(src/yzbot/IFRA_LinkAttacher) by extensions ['cmake', 'python']
[0.179s] Level 1:colcon.colcon_core.package_identification:_identify(src/yzbot/IFRA_LinkAttacher) by extension 'cmake'
[0.179s] Level 1:colcon.colcon_core.package_identification:_identify(src/yzbot/IFRA_LinkAttacher) by extension 'python'
[0.179s] Level 1:colcon.colcon_core.package_identification:_identify(src/yzbot/IFRA_LinkAttacher) by extensions ['python_setup_py']
[0.179s] Level 1:colcon.colcon_core.package_identification:_identify(src/yzbot/IFRA_LinkAttacher) by extension 'python_setup_py'
[0.179s] Level 1:colcon.colcon_core.package_identification:_identify(src/yzbot/IFRA_LinkAttacher/linkattacher_msgs) by extensions ['ignore', 'ignore_ament_install']
[0.179s] Level 1:colcon.colcon_core.package_identification:_identify(src/yzbot/IFRA_LinkAttacher/linkattacher_msgs) by extension 'ignore'
[0.179s] Level 1:colcon.colcon_core.package_identification:_identify(src/yzbot/IFRA_LinkAttacher/linkattacher_msgs) by extension 'ignore_ament_install'
[0.179s] Level 1:colcon.colcon_core.package_identification:_identify(src/yzbot/IFRA_LinkAttacher/linkattacher_msgs) by extensions ['colcon_pkg']
[0.179s] Level 1:colcon.colcon_core.package_identification:_identify(src/yzbot/IFRA_LinkAttacher/linkattacher_msgs) by extension 'colcon_pkg'
[0.179s] Level 1:colcon.colcon_core.package_identification:_identify(src/yzbot/IFRA_LinkAttacher/linkattacher_msgs) by extensions ['colcon_meta']
[0.179s] Level 1:colcon.colcon_core.package_identification:_identify(src/yzbot/IFRA_LinkAttacher/linkattacher_msgs) by extension 'colcon_meta'
[0.179s] Level 1:colcon.colcon_core.package_identification:_identify(src/yzbot/IFRA_LinkAttacher/linkattacher_msgs) by extensions ['ros']
[0.179s] Level 1:colcon.colcon_core.package_identification:_identify(src/yzbot/IFRA_LinkAttacher/linkattacher_msgs) by extension 'ros'
[0.180s] DEBUG:colcon.colcon_core.package_identification:Package 'src/yzbot/IFRA_LinkAttacher/linkattacher_msgs' with type 'ros.ament_cmake' and name 'linkattacher_msgs'
[0.180s] Level 1:colcon.colcon_core.package_identification:_identify(src/yzbot/IFRA_LinkAttacher/ros2_LinkAttacher) by extensions ['ignore', 'ignore_ament_install']
[0.180s] Level 1:colcon.colcon_core.package_identification:_identify(src/yzbot/IFRA_LinkAttacher/ros2_LinkAttacher) by extension 'ignore'
[0.180s] Level 1:colcon.colcon_core.package_identification:_identify(src/yzbot/IFRA_LinkAttacher/ros2_LinkAttacher) by extension 'ignore_ament_install'
[0.180s] Level 1:colcon.colcon_core.package_identification:_identify(src/yzbot/IFRA_LinkAttacher/ros2_LinkAttacher) by extensions ['colcon_pkg']
[0.180s] Level 1:colcon.colcon_core.package_identification:_identify(src/yzbot/IFRA_LinkAttacher/ros2_LinkAttacher) by extension 'colcon_pkg'
[0.180s] Level 1:colcon.colcon_core.package_identification:_identify(src/yzbot/IFRA_LinkAttacher/ros2_LinkAttacher) by extensions ['colcon_meta']
[0.180s] Level 1:colcon.colcon_core.package_identification:_identify(src/yzbot/IFRA_LinkAttacher/ros2_LinkAttacher) by extension 'colcon_meta'
[0.180s] Level 1:colcon.colcon_core.package_identification:_identify(src/yzbot/IFRA_LinkAttacher/ros2_LinkAttacher) by extensions ['ros']
[0.180s] Level 1:colcon.colcon_core.package_identification:_identify(src/yzbot/IFRA_LinkAttacher/ros2_LinkAttacher) by extension 'ros'
[0.180s] DEBUG:colcon.colcon_core.package_identification:Package 'src/yzbot/IFRA_LinkAttacher/ros2_LinkAttacher' with type 'ros.ament_cmake' and name 'ros2_linkattacher'
[0.181s] Level 1:colcon.colcon_core.package_identification:_identify(src/yzbot/bot_navigation) by extensions ['ignore', 'ignore_ament_install']
[0.181s] Level 1:colcon.colcon_core.package_identification:_identify(src/yzbot/bot_navigation) by extension 'ignore'
[0.181s] Level 1:colcon.colcon_core.package_identification:_identify(src/yzbot/bot_navigation) by extension 'ignore_ament_install'
[0.181s] Level 1:colcon.colcon_core.package_identification:_identify(src/yzbot/bot_navigation) by extensions ['colcon_pkg']
[0.181s] Level 1:colcon.colcon_core.package_identification:_identify(src/yzbot/bot_navigation) by extension 'colcon_pkg'
[0.181s] Level 1:colcon.colcon_core.package_identification:_identify(src/yzbot/bot_navigation) by extensions ['colcon_meta']
[0.181s] Level 1:colcon.colcon_core.package_identification:_identify(src/yzbot/bot_navigation) by extension 'colcon_meta'
[0.181s] Level 1:colcon.colcon_core.package_identification:_identify(src/yzbot/bot_navigation) by extensions ['ros']
[0.181s] Level 1:colcon.colcon_core.package_identification:_identify(src/yzbot/bot_navigation) by extension 'ros'
[0.181s] DEBUG:colcon.colcon_core.package_identification:Package 'src/yzbot/bot_navigation' with type 'ros.ament_cmake' and name 'bot_navigation'
[0.181s] Level 1:colcon.colcon_core.package_identification:_identify(src/yzbot/mybot) by extensions ['ignore', 'ignore_ament_install']
[0.181s] Level 1:colcon.colcon_core.package_identification:_identify(src/yzbot/mybot) by extension 'ignore'
[0.181s] Level 1:colcon.colcon_core.package_identification:_identify(src/yzbot/mybot) by extension 'ignore_ament_install'
[0.181s] Level 1:colcon.colcon_core.package_identification:_identify(src/yzbot/mybot) by extensions ['colcon_pkg']
[0.181s] Level 1:colcon.colcon_core.package_identification:_identify(src/yzbot/mybot) by extension 'colcon_pkg'
[0.181s] Level 1:colcon.colcon_core.package_identification:_identify(src/yzbot/mybot) by extensions ['colcon_meta']
[0.181s] Level 1:colcon.colcon_core.package_identification:_identify(src/yzbot/mybot) by extension 'colcon_meta'
[0.181s] Level 1:colcon.colcon_core.package_identification:_identify(src/yzbot/mybot) by extensions ['ros']
[0.181s] Level 1:colcon.colcon_core.package_identification:_identify(src/yzbot/mybot) by extension 'ros'
[0.183s] DEBUG:colcon.colcon_core.package_identification:Package 'src/yzbot/mybot' with type 'ros.ament_cmake' and name 'mybot'
[0.183s] Level 1:colcon.colcon_core.package_identification:_identify(src/yzbot/mybot_description) by extensions ['ignore', 'ignore_ament_install']
[0.183s] Level 1:colcon.colcon_core.package_identification:_identify(src/yzbot/mybot_description) by extension 'ignore'
[0.183s] Level 1:colcon.colcon_core.package_identification:_identify(src/yzbot/mybot_description) by extension 'ignore_ament_install'
[0.183s] Level 1:colcon.colcon_core.package_identification:_identify(src/yzbot/mybot_description) by extensions ['colcon_pkg']
[0.183s] Level 1:colcon.colcon_core.package_identification:_identify(src/yzbot/mybot_description) by extension 'colcon_pkg'
[0.183s] Level 1:colcon.colcon_core.package_identification:_identify(src/yzbot/mybot_description) by extensions ['colcon_meta']
[0.183s] Level 1:colcon.colcon_core.package_identification:_identify(src/yzbot/mybot_description) by extension 'colcon_meta'
[0.183s] Level 1:colcon.colcon_core.package_identification:_identify(src/yzbot/mybot_description) by extensions ['ros']
[0.183s] Level 1:colcon.colcon_core.package_identification:_identify(src/yzbot/mybot_description) by extension 'ros'
[0.183s] DEBUG:colcon.colcon_core.package_identification:Package 'src/yzbot/mybot_description' with type 'ros.ament_python' and name 'mybot_description'
[0.183s] Level 1:colcon.colcon_core.package_identification:_identify(src/yzbot/tools_demo) by extensions ['ignore', 'ignore_ament_install']
[0.183s] Level 1:colcon.colcon_core.package_identification:_identify(src/yzbot/tools_demo) by extension 'ignore'
[0.183s] Level 1:colcon.colcon_core.package_identification:_identify(src/yzbot/tools_demo) by extension 'ignore_ament_install'
[0.183s] Level 1:colcon.colcon_core.package_identification:_identify(src/yzbot/tools_demo) by extensions ['colcon_pkg']
[0.184s] Level 1:colcon.colcon_core.package_identification:_identify(src/yzbot/tools_demo) by extension 'colcon_pkg'
[0.184s] Level 1:colcon.colcon_core.package_identification:_identify(src/yzbot/tools_demo) by extensions ['colcon_meta']
[0.184s] Level 1:colcon.colcon_core.package_identification:_identify(src/yzbot/tools_demo) by extension 'colcon_meta'
[0.184s] Level 1:colcon.colcon_core.package_identification:_identify(src/yzbot/tools_demo) by extensions ['ros']
[0.184s] Level 1:colcon.colcon_core.package_identification:_identify(src/yzbot/tools_demo) by extension 'ros'
[0.184s] DEBUG:colcon.colcon_core.package_identification:Package 'src/yzbot/tools_demo' with type 'ros.ament_python' and name 'tools_demo'
[0.184s] Level 1:colcon.colcon_core.package_discovery:discover_packages(recursive) using defaults
[0.208s] Level 1:colcon.colcon_core.package_discovery:discover_packages(prefix_path) check parameters
[0.208s] Level 1:colcon.colcon_core.package_discovery:discover_packages(prefix_path) discover
[0.212s] DEBUG:colcon.colcon_installed_package_information.package_discovery:Found 417 installed packages in /opt/ros/humble
[0.214s] Level 1:colcon.colcon_core.package_discovery:discover_packages(prefix_path) using defaults
[0.244s] Level 5:colcon.colcon_core.verb:set package 'arm_action_integration' build argument 'cmake_args' from command line to 'None'
[0.244s] Level 5:colcon.colcon_core.verb:set package 'arm_action_integration' build argument 'cmake_target' from command line to 'None'
[0.244s] Level 5:colcon.colcon_core.verb:set package 'arm_action_integration' build argument 'cmake_target_skip_unavailable' from command line to 'False'
[0.244s] Level 5:colcon.colcon_core.verb:set package 'arm_action_integration' build argument 'cmake_clean_cache' from command line to 'False'
[0.244s] Level 5:colcon.colcon_core.verb:set package 'arm_action_integration' build argument 'cmake_clean_first' from command line to 'False'
[0.244s] Level 5:colcon.colcon_core.verb:set package 'arm_action_integration' build argument 'cmake_force_configure' from command line to 'False'
[0.244s] Level 5:colcon.colcon_core.verb:set package 'arm_action_integration' build argument 'ament_cmake_args' from command line to 'None'
[0.244s] Level 5:colcon.colcon_core.verb:set package 'arm_action_integration' build argument 'catkin_cmake_args' from command line to 'None'
[0.244s] Level 5:colcon.colcon_core.verb:set package 'arm_action_integration' build argument 'catkin_skip_building_tests' from command line to 'False'
[0.244s] DEBUG:colcon.colcon_core.verb:Building package 'arm_action_integration' with the following arguments: {'ament_cmake_args': None, 'build_base': '/home/root123/桌面/AIC/源码（国赛）/build_run/arm_action_integration', 'catkin_cmake_args': None, 'catkin_skip_building_tests': False, 'cmake_args': None, 'cmake_clean_cache': False, 'cmake_clean_first': False, 'cmake_force_configure': False, 'cmake_target': None, 'cmake_target_skip_unavailable': False, 'install_base': '/home/root123/桌面/AIC/源码（国赛）/install_run/arm_action_integration', 'merge_install': False, 'path': '/home/root123/桌面/AIC/源码（国赛）/src/arm_action_integration', 'symlink_install': True, 'test_result_base': None}
[0.245s] Level 5:colcon.colcon_core.verb:set package 'bot_navigation' build argument 'cmake_args' from command line to 'None'
[0.245s] Level 5:colcon.colcon_core.verb:set package 'bot_navigation' build argument 'cmake_target' from command line to 'None'
[0.245s] Level 5:colcon.colcon_core.verb:set package 'bot_navigation' build argument 'cmake_target_skip_unavailable' from command line to 'False'
[0.245s] Level 5:colcon.colcon_core.verb:set package 'bot_navigation' build argument 'cmake_clean_cache' from command line to 'False'
[0.245s] Level 5:colcon.colcon_core.verb:set package 'bot_navigation' build argument 'cmake_clean_first' from command line to 'False'
[0.245s] Level 5:colcon.colcon_core.verb:set package 'bot_navigation' build argument 'cmake_force_configure' from command line to 'False'
[0.245s] Level 5:colcon.colcon_core.verb:set package 'bot_navigation' build argument 'ament_cmake_args' from command line to 'None'
[0.245s] Level 5:colcon.colcon_core.verb:set package 'bot_navigation' build argument 'catkin_cmake_args' from command line to 'None'
[0.245s] Level 5:colcon.colcon_core.verb:set package 'bot_navigation' build argument 'catkin_skip_building_tests' from command line to 'False'
[0.245s] DEBUG:colcon.colcon_core.verb:Building package 'bot_navigation' with the following arguments: {'ament_cmake_args': None, 'build_base': '/home/root123/桌面/AIC/源码（国赛）/build_run/bot_navigation', 'catkin_cmake_args': None, 'catkin_skip_building_tests': False, 'cmake_args': None, 'cmake_clean_cache': False, 'cmake_clean_first': False, 'cmake_force_configure': False, 'cmake_target': None, 'cmake_target_skip_unavailable': False, 'install_base': '/home/root123/桌面/AIC/源码（国赛）/install_run/bot_navigation', 'merge_install': False, 'path': '/home/root123/桌面/AIC/源码（国赛）/src/yzbot/bot_navigation', 'symlink_install': True, 'test_result_base': None}
[0.245s] Level 5:colcon.colcon_core.verb:set package 'gazebo_physics_obstacle_plugin' build argument 'cmake_args' from command line to 'None'
[0.245s] Level 5:colcon.colcon_core.verb:set package 'gazebo_physics_obstacle_plugin' build argument 'cmake_target' from command line to 'None'
[0.245s] Level 5:colcon.colcon_core.verb:set package 'gazebo_physics_obstacle_plugin' build argument 'cmake_target_skip_unavailable' from command line to 'False'
[0.245s] Level 5:colcon.colcon_core.verb:set package 'gazebo_physics_obstacle_plugin' build argument 'cmake_clean_cache' from command line to 'False'
[0.245s] Level 5:colcon.colcon_core.verb:set package 'gazebo_physics_obstacle_plugin' build argument 'cmake_clean_first' from command line to 'False'
[0.245s] Level 5:colcon.colcon_core.verb:set package 'gazebo_physics_obstacle_plugin' build argument 'cmake_force_configure' from command line to 'False'
[0.245s] Level 5:colcon.colcon_core.verb:set package 'gazebo_physics_obstacle_plugin' build argument 'ament_cmake_args' from command line to 'None'
[0.245s] Level 5:colcon.colcon_core.verb:set package 'gazebo_physics_obstacle_plugin' build argument 'catkin_cmake_args' from command line to 'None'
[0.245s] Level 5:colcon.colcon_core.verb:set package 'gazebo_physics_obstacle_plugin' build argument 'catkin_skip_building_tests' from command line to 'False'
[0.245s] DEBUG:colcon.colcon_core.verb:Building package 'gazebo_physics_obstacle_plugin' with the following arguments: {'ament_cmake_args': None, 'build_base': '/home/root123/桌面/AIC/源码（国赛）/build_run/gazebo_physics_obstacle_plugin', 'catkin_cmake_args': None, 'catkin_skip_building_tests': False, 'cmake_args': None, 'cmake_clean_cache': False, 'cmake_clean_first': False, 'cmake_force_configure': False, 'cmake_target': None, 'cmake_target_skip_unavailable': False, 'install_base': '/home/root123/桌面/AIC/源码（国赛）/install_run/gazebo_physics_obstacle_plugin', 'merge_install': False, 'path': '/home/root123/桌面/AIC/源码（国赛）/src/gazebo_physics_obstacle_plugin', 'symlink_install': True, 'test_result_base': None}
[0.245s] Level 5:colcon.colcon_core.verb:set package 'linkattacher_msgs' build argument 'cmake_args' from command line to 'None'
[0.245s] Level 5:colcon.colcon_core.verb:set package 'linkattacher_msgs' build argument 'cmake_target' from command line to 'None'
[0.245s] Level 5:colcon.colcon_core.verb:set package 'linkattacher_msgs' build argument 'cmake_target_skip_unavailable' from command line to 'False'
[0.245s] Level 5:colcon.colcon_core.verb:set package 'linkattacher_msgs' build argument 'cmake_clean_cache' from command line to 'False'
[0.245s] Level 5:colcon.colcon_core.verb:set package 'linkattacher_msgs' build argument 'cmake_clean_first' from command line to 'False'
[0.245s] Level 5:colcon.colcon_core.verb:set package 'linkattacher_msgs' build argument 'cmake_force_configure' from command line to 'False'
[0.245s] Level 5:colcon.colcon_core.verb:set package 'linkattacher_msgs' build argument 'ament_cmake_args' from command line to 'None'
[0.245s] Level 5:colcon.colcon_core.verb:set package 'linkattacher_msgs' build argument 'catkin_cmake_args' from command line to 'None'
[0.245s] Level 5:colcon.colcon_core.verb:set package 'linkattacher_msgs' build argument 'catkin_skip_building_tests' from command line to 'False'
[0.245s] DEBUG:colcon.colcon_core.verb:Building package 'linkattacher_msgs' with the following arguments: {'ament_cmake_args': None, 'build_base': '/home/root123/桌面/AIC/源码（国赛）/build_run/linkattacher_msgs', 'catkin_cmake_args': None, 'catkin_skip_building_tests': False, 'cmake_args': None, 'cmake_clean_cache': False, 'cmake_clean_first': False, 'cmake_force_configure': False, 'cmake_target': None, 'cmake_target_skip_unavailable': False, 'install_base': '/home/root123/桌面/AIC/源码（国赛）/install_run/linkattacher_msgs', 'merge_install': False, 'path': '/home/root123/桌面/AIC/源码（国赛）/src/yzbot/IFRA_LinkAttacher/linkattacher_msgs', 'symlink_install': True, 'test_result_base': None}
[0.246s] Level 5:colcon.colcon_core.verb:set package 'llama_command_parser' build argument 'cmake_args' from command line to 'None'
[0.246s] Level 5:colcon.colcon_core.verb:set package 'llama_command_parser' build argument 'cmake_target' from command line to 'None'
[0.246s] Level 5:colcon.colcon_core.verb:set package 'llama_command_parser' build argument 'cmake_target_skip_unavailable' from command line to 'False'
[0.246s] Level 5:colcon.colcon_core.verb:set package 'llama_command_parser' build argument 'cmake_clean_cache' from command line to 'False'
[0.246s] Level 5:colcon.colcon_core.verb:set package 'llama_command_parser' build argument 'cmake_clean_first' from command line to 'False'
[0.246s] Level 5:colcon.colcon_core.verb:set package 'llama_command_parser' build argument 'cmake_force_configure' from command line to 'False'
[0.246s] Level 5:colcon.colcon_core.verb:set package 'llama_command_parser' build argument 'ament_cmake_args' from command line to 'None'
[0.246s] Level 5:colcon.colcon_core.verb:set package 'llama_command_parser' build argument 'catkin_cmake_args' from command line to 'None'
[0.246s] Level 5:colcon.colcon_core.verb:set package 'llama_command_parser' build argument 'catkin_skip_building_tests' from command line to 'False'
[0.246s] DEBUG:colcon.colcon_core.verb:Building package 'llama_command_parser' with the following arguments: {'ament_cmake_args': None, 'build_base': '/home/root123/桌面/AIC/源码（国赛）/build_run/llama_command_parser', 'catkin_cmake_args': None, 'catkin_skip_building_tests': False, 'cmake_args': None, 'cmake_clean_cache': False, 'cmake_clean_first': False, 'cmake_force_configure': False, 'cmake_target': None, 'cmake_target_skip_unavailable': False, 'install_base': '/home/root123/桌面/AIC/源码（国赛）/install_run/llama_command_parser', 'merge_install': False, 'path': '/home/root123/桌面/AIC/源码（国赛）/src/llama_command_parser', 'symlink_install': True, 'test_result_base': None}
[0.246s] Level 5:colcon.colcon_core.verb:set package 'main_controller' build argument 'cmake_args' from command line to 'None'
[0.246s] Level 5:colcon.colcon_core.verb:set package 'main_controller' build argument 'cmake_target' from command line to 'None'
[0.246s] Level 5:colcon.colcon_core.verb:set package 'main_controller' build argument 'cmake_target_skip_unavailable' from command line to 'False'
[0.246s] Level 5:colcon.colcon_core.verb:set package 'main_controller' build argument 'cmake_clean_cache' from command line to 'False'
[0.246s] Level 5:colcon.colcon_core.verb:set package 'main_controller' build argument 'cmake_clean_first' from command line to 'False'
[0.246s] Level 5:colcon.colcon_core.verb:set package 'main_controller' build argument 'cmake_force_configure' from command line to 'False'
[0.246s] Level 5:colcon.colcon_core.verb:set package 'main_controller' build argument 'ament_cmake_args' from command line to 'None'
[0.246s] Level 5:colcon.colcon_core.verb:set package 'main_controller' build argument 'catkin_cmake_args' from command line to 'None'
[0.246s] Level 5:colcon.colcon_core.verb:set package 'main_controller' build argument 'catkin_skip_building_tests' from command line to 'False'
[0.246s] DEBUG:colcon.colcon_core.verb:Building package 'main_controller' with the following arguments: {'ament_cmake_args': None, 'build_base': '/home/root123/桌面/AIC/源码（国赛）/build_run/main_controller', 'catkin_cmake_args': None, 'catkin_skip_building_tests': False, 'cmake_args': None, 'cmake_clean_cache': False, 'cmake_clean_first': False, 'cmake_force_configure': False, 'cmake_target': None, 'cmake_target_skip_unavailable': False, 'install_base': '/home/root123/桌面/AIC/源码（国赛）/install_run/main_controller', 'merge_install': False, 'path': '/home/root123/桌面/AIC/源码（国赛）/src/main_controller', 'symlink_install': True, 'test_result_base': None}
[0.246s] Level 5:colcon.colcon_core.verb:set package 'mybot_description' build argument 'cmake_args' from command line to 'None'
[0.246s] Level 5:colcon.colcon_core.verb:set package 'mybot_description' build argument 'cmake_target' from command line to 'None'
[0.246s] Level 5:colcon.colcon_core.verb:set package 'mybot_description' build argument 'cmake_target_skip_unavailable' from command line to 'False'
[0.246s] Level 5:colcon.colcon_core.verb:set package 'mybot_description' build argument 'cmake_clean_cache' from command line to 'False'
[0.246s] Level 5:colcon.colcon_core.verb:set package 'mybot_description' build argument 'cmake_clean_first' from command line to 'False'
[0.246s] Level 5:colcon.colcon_core.verb:set package 'mybot_description' build argument 'cmake_force_configure' from command line to 'False'
[0.246s] Level 5:colcon.colcon_core.verb:set package 'mybot_description' build argument 'ament_cmake_args' from command line to 'None'
[0.246s] Level 5:colcon.colcon_core.verb:set package 'mybot_description' build argument 'catkin_cmake_args' from command line to 'None'
[0.246s] Level 5:colcon.colcon_core.verb:set package 'mybot_description' build argument 'catkin_skip_building_tests' from command line to 'False'
[0.246s] DEBUG:colcon.colcon_core.verb:Building package 'mybot_description' with the following arguments: {'ament_cmake_args': None, 'build_base': '/home/root123/桌面/AIC/源码（国赛）/build_run/mybot_description', 'catkin_cmake_args': None, 'catkin_skip_building_tests': False, 'cmake_args': None, 'cmake_clean_cache': False, 'cmake_clean_first': False, 'cmake_force_configure': False, 'cmake_target': None, 'cmake_target_skip_unavailable': False, 'install_base': '/home/root123/桌面/AIC/源码（国赛）/install_run/mybot_description', 'merge_install': False, 'path': '/home/root123/桌面/AIC/源码（国赛）/src/yzbot/mybot_description', 'symlink_install': True, 'test_result_base': None}
[0.247s] Level 5:colcon.colcon_core.verb:set package 'nav_simple' build argument 'cmake_args' from command line to 'None'
[0.247s] Level 5:colcon.colcon_core.verb:set package 'nav_simple' build argument 'cmake_target' from command line to 'None'
[0.247s] Level 5:colcon.colcon_core.verb:set package 'nav_simple' build argument 'cmake_target_skip_unavailable' from command line to 'False'
[0.247s] Level 5:colcon.colcon_core.verb:set package 'nav_simple' build argument 'cmake_clean_cache' from command line to 'False'
[0.247s] Level 5:colcon.colcon_core.verb:set package 'nav_simple' build argument 'cmake_clean_first' from command line to 'False'
[0.247s] Level 5:colcon.colcon_core.verb:set package 'nav_simple' build argument 'cmake_force_configure' from command line to 'False'
[0.247s] Level 5:colcon.colcon_core.verb:set package 'nav_simple' build argument 'ament_cmake_args' from command line to 'None'
[0.247s] Level 5:colcon.colcon_core.verb:set package 'nav_simple' build argument 'catkin_cmake_args' from command line to 'None'
[0.247s] Level 5:colcon.colcon_core.verb:set package 'nav_simple' build argument 'catkin_skip_building_tests' from command line to 'False'
[0.247s] DEBUG:colcon.colcon_core.verb:Building package 'nav_simple' with the following arguments: {'ament_cmake_args': None, 'build_base': '/home/root123/桌面/AIC/源码（国赛）/build_run/nav_simple', 'catkin_cmake_args': None, 'catkin_skip_building_tests': False, 'cmake_args': None, 'cmake_clean_cache': False, 'cmake_clean_first': False, 'cmake_force_configure': False, 'cmake_target': None, 'cmake_target_skip_unavailable': False, 'install_base': '/home/root123/桌面/AIC/源码（国赛）/install_run/nav_simple', 'merge_install': False, 'path': '/home/root123/桌面/AIC/源码（国赛）/src/nav_simple', 'symlink_install': True, 'test_result_base': None}
[0.247s] Level 5:colcon.colcon_core.verb:set package 'package_detector' build argument 'cmake_args' from command line to 'None'
[0.247s] Level 5:colcon.colcon_core.verb:set package 'package_detector' build argument 'cmake_target' from command line to 'None'
[0.247s] Level 5:colcon.colcon_core.verb:set package 'package_detector' build argument 'cmake_target_skip_unavailable' from command line to 'False'
[0.247s] Level 5:colcon.colcon_core.verb:set package 'package_detector' build argument 'cmake_clean_cache' from command line to 'False'
[0.247s] Level 5:colcon.colcon_core.verb:set package 'package_detector' build argument 'cmake_clean_first' from command line to 'False'
[0.247s] Level 5:colcon.colcon_core.verb:set package 'package_detector' build argument 'cmake_force_configure' from command line to 'False'
[0.247s] Level 5:colcon.colcon_core.verb:set package 'package_detector' build argument 'ament_cmake_args' from command line to 'None'
[0.247s] Level 5:colcon.colcon_core.verb:set package 'package_detector' build argument 'catkin_cmake_args' from command line to 'None'
[0.247s] Level 5:colcon.colcon_core.verb:set package 'package_detector' build argument 'catkin_skip_building_tests' from command line to 'False'
[0.247s] DEBUG:colcon.colcon_core.verb:Building package 'package_detector' with the following arguments: {'ament_cmake_args': None, 'build_base': '/home/root123/桌面/AIC/源码（国赛）/build_run/package_detector', 'catkin_cmake_args': None, 'catkin_skip_building_tests': False, 'cmake_args': None, 'cmake_clean_cache': False, 'cmake_clean_first': False, 'cmake_force_configure': False, 'cmake_target': None, 'cmake_target_skip_unavailable': False, 'install_base': '/home/root123/桌面/AIC/源码（国赛）/install_run/package_detector', 'merge_install': False, 'path': '/home/root123/桌面/AIC/源码（国赛）/src/package_detector', 'symlink_install': True, 'test_result_base': None}
[0.247s] Level 5:colcon.colcon_core.verb:set package 'tools_demo' build argument 'cmake_args' from command line to 'None'
[0.247s] Level 5:colcon.colcon_core.verb:set package 'tools_demo' build argument 'cmake_target' from command line to 'None'
[0.247s] Level 5:colcon.colcon_core.verb:set package 'tools_demo' build argument 'cmake_target_skip_unavailable' from command line to 'False'
[0.247s] Level 5:colcon.colcon_core.verb:set package 'tools_demo' build argument 'cmake_clean_cache' from command line to 'False'
[0.247s] Level 5:colcon.colcon_core.verb:set package 'tools_demo' build argument 'cmake_clean_first' from command line to 'False'
[0.247s] Level 5:colcon.colcon_core.verb:set package 'tools_demo' build argument 'cmake_force_configure' from command line to 'False'
[0.247s] Level 5:colcon.colcon_core.verb:set package 'tools_demo' build argument 'ament_cmake_args' from command line to 'None'
[0.247s] Level 5:colcon.colcon_core.verb:set package 'tools_demo' build argument 'catkin_cmake_args' from command line to 'None'
[0.247s] Level 5:colcon.colcon_core.verb:set package 'tools_demo' build argument 'catkin_skip_building_tests' from command line to 'False'
[0.247s] DEBUG:colcon.colcon_core.verb:Building package 'tools_demo' with the following arguments: {'ament_cmake_args': None, 'build_base': '/home/root123/桌面/AIC/源码（国赛）/build_run/tools_demo', 'catkin_cmake_args': None, 'catkin_skip_building_tests': False, 'cmake_args': None, 'cmake_clean_cache': False, 'cmake_clean_first': False, 'cmake_force_configure': False, 'cmake_target': None, 'cmake_target_skip_unavailable': False, 'install_base': '/home/root123/桌面/AIC/源码（国赛）/install_run/tools_demo', 'merge_install': False, 'path': '/home/root123/桌面/AIC/源码（国赛）/src/yzbot/tools_demo', 'symlink_install': True, 'test_result_base': None}
[0.248s] Level 5:colcon.colcon_core.verb:set package 'mybot' build argument 'cmake_args' from command line to 'None'
[0.248s] Level 5:colcon.colcon_core.verb:set package 'mybot' build argument 'cmake_target' from command line to 'None'
[0.248s] Level 5:colcon.colcon_core.verb:set package 'mybot' build argument 'cmake_target_skip_unavailable' from command line to 'False'
[0.248s] Level 5:colcon.colcon_core.verb:set package 'mybot' build argument 'cmake_clean_cache' from command line to 'False'
[0.248s] Level 5:colcon.colcon_core.verb:set package 'mybot' build argument 'cmake_clean_first' from command line to 'False'
[0.248s] Level 5:colcon.colcon_core.verb:set package 'mybot' build argument 'cmake_force_configure' from command line to 'False'
[0.248s] Level 5:colcon.colcon_core.verb:set package 'mybot' build argument 'ament_cmake_args' from command line to 'None'
[0.248s] Level 5:colcon.colcon_core.verb:set package 'mybot' build argument 'catkin_cmake_args' from command line to 'None'
[0.248s] Level 5:colcon.colcon_core.verb:set package 'mybot' build argument 'catkin_skip_building_tests' from command line to 'False'
[0.248s] DEBUG:colcon.colcon_core.verb:Building package 'mybot' with the following arguments: {'ament_cmake_args': None, 'build_base': '/home/root123/桌面/AIC/源码（国赛）/build_run/mybot', 'catkin_cmake_args': None, 'catkin_skip_building_tests': False, 'cmake_args': None, 'cmake_clean_cache': False, 'cmake_clean_first': False, 'cmake_force_configure': False, 'cmake_target': None, 'cmake_target_skip_unavailable': False, 'install_base': '/home/root123/桌面/AIC/源码（国赛）/install_run/mybot', 'merge_install': False, 'path': '/home/root123/桌面/AIC/源码（国赛）/src/yzbot/mybot', 'symlink_install': True, 'test_result_base': None}
[0.248s] Level 5:colcon.colcon_core.verb:set package 'ros2_linkattacher' build argument 'cmake_args' from command line to 'None'
[0.248s] Level 5:colcon.colcon_core.verb:set package 'ros2_linkattacher' build argument 'cmake_target' from command line to 'None'
[0.248s] Level 5:colcon.colcon_core.verb:set package 'ros2_linkattacher' build argument 'cmake_target_skip_unavailable' from command line to 'False'
[0.248s] Level 5:colcon.colcon_core.verb:set package 'ros2_linkattacher' build argument 'cmake_clean_cache' from command line to 'False'
[0.248s] Level 5:colcon.colcon_core.verb:set package 'ros2_linkattacher' build argument 'cmake_clean_first' from command line to 'False'
[0.248s] Level 5:colcon.colcon_core.verb:set package 'ros2_linkattacher' build argument 'cmake_force_configure' from command line to 'False'
[0.248s] Level 5:colcon.colcon_core.verb:set package 'ros2_linkattacher' build argument 'ament_cmake_args' from command line to 'None'
[0.248s] Level 5:colcon.colcon_core.verb:set package 'ros2_linkattacher' build argument 'catkin_cmake_args' from command line to 'None'
[0.248s] Level 5:colcon.colcon_core.verb:set package 'ros2_linkattacher' build argument 'catkin_skip_building_tests' from command line to 'False'
[0.248s] DEBUG:colcon.colcon_core.verb:Building package 'ros2_linkattacher' with the following arguments: {'ament_cmake_args': None, 'build_base': '/home/root123/桌面/AIC/源码（国赛）/build_run/ros2_linkattacher', 'catkin_cmake_args': None, 'catkin_skip_building_tests': False, 'cmake_args': None, 'cmake_clean_cache': False, 'cmake_clean_first': False, 'cmake_force_configure': False, 'cmake_target': None, 'cmake_target_skip_unavailable': False, 'install_base': '/home/root123/桌面/AIC/源码（国赛）/install_run/ros2_linkattacher', 'merge_install': False, 'path': '/home/root123/桌面/AIC/源码（国赛）/src/yzbot/IFRA_LinkAttacher/ros2_LinkAttacher', 'symlink_install': True, 'test_result_base': None}
[0.248s] INFO:colcon.colcon_core.executor:Executing jobs using 'parallel' executor
[0.249s] DEBUG:colcon.colcon_parallel_executor.executor.parallel:run_until_complete
[0.249s] INFO:colcon.colcon_ros.task.ament_cmake.build:Building ROS package in '/home/root123/桌面/AIC/源码（国赛）/src/yzbot/IFRA_LinkAttacher/linkattacher_msgs' with build type 'ament_cmake'
[0.249s] INFO:colcon.colcon_cmake.task.cmake.build:Building CMake package in '/home/root123/桌面/AIC/源码（国赛）/src/yzbot/IFRA_LinkAttacher/linkattacher_msgs'
[0.253s] INFO:colcon.colcon_core.plugin_system:Skipping extension 'colcon_core.shell.bat': Not used on non-Windows systems
[0.253s] INFO:colcon.colcon_core.shell:Skip shell extension 'powershell' for command environment: Not usable outside of PowerShell
[0.253s] DEBUG:colcon.colcon_core.shell:Skip shell extension 'dsv' for command environment
[0.255s] INFO:colcon.colcon_ros.task.ament_python.build:Building ROS package in '/home/root123/桌面/AIC/源码（国赛）/src/yzbot/mybot_description' with build type 'ament_python'
[0.255s] Level 1:colcon.colcon_core.shell:create_environment_hook('mybot_description', 'ament_prefix_path')
[0.255s] INFO:colcon.colcon_core.shell:Creating environment hook '/home/root123/桌面/AIC/源码（国赛）/install_run/mybot_description/share/mybot_description/hook/ament_prefix_path.ps1'
[0.256s] INFO:colcon.colcon_core.shell:Creating environment descriptor '/home/root123/桌面/AIC/源码（国赛）/install_run/mybot_description/share/mybot_description/hook/ament_prefix_path.dsv'
[0.256s] INFO:colcon.colcon_core.shell:Creating environment hook '/home/root123/桌面/AIC/源码（国赛）/install_run/mybot_description/share/mybot_description/hook/ament_prefix_path.sh'
[0.257s] INFO:colcon.colcon_core.shell:Skip shell extension 'powershell' for command environment: Not usable outside of PowerShell
[0.257s] DEBUG:colcon.colcon_core.shell:Skip shell extension 'dsv' for command environment
[0.261s] DEBUG:colcon.colcon_core.event_handler.log_command:Invoking command in '/home/root123/桌面/AIC/源码（国赛）/build_run/linkattacher_msgs': CMAKE_PREFIX_PATH=/opt/ros/humble /usr/bin/cmake /home/root123/桌面/AIC/源码（国赛）/src/yzbot/IFRA_LinkAttacher/linkattacher_msgs -DAMENT_CMAKE_SYMLINK_INSTALL=1 -DCMAKE_INSTALL_PREFIX=/home/root123/桌面/AIC/源码（国赛）/install_run/linkattacher_msgs
[0.419s] INFO:colcon.colcon_core.task.python.build:Building Python package in '/home/root123/桌面/AIC/源码（国赛）/src/yzbot/mybot_description'
[0.419s] INFO:colcon.colcon_core.shell:Skip shell extension 'powershell' for command environment: Not usable outside of PowerShell
[0.419s] DEBUG:colcon.colcon_core.shell:Skip shell extension 'dsv' for command environment
[0.672s] DEBUG:colcon.colcon_core.event_handler.log_command:Invoking command in '/home/root123/桌面/AIC/源码（国赛）/build_run/mybot_description': PYTHONPATH=/home/root123/桌面/AIC/源码（国赛）/build_run/mybot_description/prefix_override:/usr/lib/python3/dist-packages/colcon_core/task/python/colcon_distutils_commands:/home/root123/桌面/AIC/源码（国赛）/install_run/mybot_description/lib/python3.10/site-packages:${PYTHONPATH} /usr/bin/python3 -W ignore:setup.py install is deprecated -W ignore:easy_install command is deprecated setup.py develop --editable --build-directory /home/root123/桌面/AIC/源码（国赛）/build_run/mybot_description/build --no-deps symlink_data
[0.955s] Level 1:colcon.colcon_core.shell:create_environment_hook('mybot_description', 'pythonpath_develop')
[0.955s] INFO:colcon.colcon_core.shell:Creating environment hook '/home/root123/桌面/AIC/源码（国赛）/build_run/mybot_description/share/mybot_description/hook/pythonpath_develop.ps1'
[0.955s] DEBUG:colcon.colcon_core.event_handler.log_command:Invoked command in '/home/root123/桌面/AIC/源码（国赛）/build_run/mybot_description' returned '0': PYTHONPATH=/home/root123/桌面/AIC/源码（国赛）/build_run/mybot_description/prefix_override:/usr/lib/python3/dist-packages/colcon_core/task/python/colcon_distutils_commands:/home/root123/桌面/AIC/源码（国赛）/install_run/mybot_description/lib/python3.10/site-packages:${PYTHONPATH} /usr/bin/python3 -W ignore:setup.py install is deprecated -W ignore:easy_install command is deprecated setup.py develop --editable --build-directory /home/root123/桌面/AIC/源码（国赛）/build_run/mybot_description/build --no-deps symlink_data
[0.956s] INFO:colcon.colcon_core.shell:Creating environment descriptor '/home/root123/桌面/AIC/源码（国赛）/build_run/mybot_description/share/mybot_description/hook/pythonpath_develop.dsv'
[0.956s] INFO:colcon.colcon_core.shell:Creating environment hook '/home/root123/桌面/AIC/源码（国赛）/build_run/mybot_description/share/mybot_description/hook/pythonpath_develop.sh'
[0.961s] Level 1:colcon.colcon_core.environment:checking '/home/root123/桌面/AIC/源码（国赛）/install_run/mybot_description' for CMake module files
[0.961s] Level 1:colcon.colcon_core.environment:checking '/home/root123/桌面/AIC/源码（国赛）/install_run/mybot_description' for CMake config files
[0.961s] Level 1:colcon.colcon_core.environment:checking '/home/root123/桌面/AIC/源码（国赛）/install_run/mybot_description/lib'
[0.961s] Level 1:colcon.colcon_core.environment:checking '/home/root123/桌面/AIC/源码（国赛）/install_run/mybot_description/bin'
[0.961s] Level 1:colcon.colcon_core.environment:checking '/home/root123/桌面/AIC/源码（国赛）/install_run/mybot_description/lib/pkgconfig/mybot_description.pc'
[0.961s] Level 1:colcon.colcon_core.environment:checking '/home/root123/桌面/AIC/源码（国赛）/install_run/mybot_description/lib/python3.10/site-packages'
[0.962s] Level 1:colcon.colcon_core.shell:create_environment_hook('mybot_description', 'pythonpath')
[0.962s] INFO:colcon.colcon_core.shell:Creating environment hook '/home/root123/桌面/AIC/源码（国赛）/install_run/mybot_description/share/mybot_description/hook/pythonpath.ps1'
[0.962s] INFO:colcon.colcon_core.shell:Creating environment descriptor '/home/root123/桌面/AIC/源码（国赛）/install_run/mybot_description/share/mybot_description/hook/pythonpath.dsv'
[0.962s] INFO:colcon.colcon_core.shell:Creating environment hook '/home/root123/桌面/AIC/源码（国赛）/install_run/mybot_description/share/mybot_description/hook/pythonpath.sh'
[0.963s] Level 1:colcon.colcon_core.environment:checking '/home/root123/桌面/AIC/源码（国赛）/install_run/mybot_description/bin'
[0.963s] Level 1:colcon.colcon_core.environment:create_environment_scripts_only(mybot_description)
[0.963s] INFO:colcon.colcon_core.shell:Creating package script '/home/root123/桌面/AIC/源码（国赛）/install_run/mybot_description/share/mybot_description/package.ps1'
[0.963s] INFO:colcon.colcon_core.shell:Creating package descriptor '/home/root123/桌面/AIC/源码（国赛）/install_run/mybot_description/share/mybot_description/package.dsv'
[0.964s] INFO:colcon.colcon_core.shell:Creating package script '/home/root123/桌面/AIC/源码（国赛）/install_run/mybot_description/share/mybot_description/package.sh'
[0.964s] INFO:colcon.colcon_core.shell:Creating package script '/home/root123/桌面/AIC/源码（国赛）/install_run/mybot_description/share/mybot_description/package.bash'
[0.965s] INFO:colcon.colcon_core.shell:Creating package script '/home/root123/桌面/AIC/源码（国赛）/install_run/mybot_description/share/mybot_description/package.zsh'
[0.966s] Level 1:colcon.colcon_core.environment:create_file_with_runtime_dependencies(/home/root123/桌面/AIC/源码（国赛）/install_run/mybot_description/share/colcon-core/packages/mybot_description)
[0.966s] INFO:colcon.colcon_ros.task.ament_python.build:Building ROS package in '/home/root123/桌面/AIC/源码（国赛）/src/arm_action_integration' with build type 'ament_python'
[0.966s] Level 1:colcon.colcon_core.shell:create_environment_hook('arm_action_integration', 'ament_prefix_path')
[0.966s] INFO:colcon.colcon_core.shell:Creating environment hook '/home/root123/桌面/AIC/源码（国赛）/install_run/arm_action_integration/share/arm_action_integration/hook/ament_prefix_path.ps1'
[0.967s] INFO:colcon.colcon_core.shell:Creating environment descriptor '/home/root123/桌面/AIC/源码（国赛）/install_run/arm_action_integration/share/arm_action_integration/hook/ament_prefix_path.dsv'
[0.967s] INFO:colcon.colcon_core.shell:Creating environment hook '/home/root123/桌面/AIC/源码（国赛）/install_run/arm_action_integration/share/arm_action_integration/hook/ament_prefix_path.sh'
[0.967s] INFO:colcon.colcon_core.shell:Skip shell extension 'powershell' for command environment: Not usable outside of PowerShell
[0.967s] DEBUG:colcon.colcon_core.shell:Skip shell extension 'dsv' for command environment
[1.125s] INFO:colcon.colcon_core.task.python.build:Building Python package in '/home/root123/桌面/AIC/源码（国赛）/src/arm_action_integration'
[1.126s] INFO:colcon.colcon_core.shell:Skip shell extension 'powershell' for command environment: Not usable outside of PowerShell
[1.126s] DEBUG:colcon.colcon_core.shell:Skip shell extension 'dsv' for command environment
[1.130s] DEBUG:colcon.colcon_core.event_handler.log_command:Invoked command in '/home/root123/桌面/AIC/源码（国赛）/build_run/linkattacher_msgs' returned '1': CMAKE_PREFIX_PATH=/opt/ros/humble /usr/bin/cmake /home/root123/桌面/AIC/源码（国赛）/src/yzbot/IFRA_LinkAttacher/linkattacher_msgs -DAMENT_CMAKE_SYMLINK_INSTALL=1 -DCMAKE_INSTALL_PREFIX=/home/root123/桌面/AIC/源码（国赛）/install_run/linkattacher_msgs
[1.140s] Level 1:colcon.colcon_core.environment:create_environment_scripts_only(linkattacher_msgs)
[1.140s] Level 1:colcon.colcon_core.environment:checking '/home/root123/桌面/AIC/源码（国赛）/install_run/linkattacher_msgs' for CMake module files
[1.140s] Level 1:colcon.colcon_core.environment:checking '/home/root123/桌面/AIC/源码（国赛）/install_run/linkattacher_msgs' for CMake config files
[1.141s] Level 1:colcon.colcon_core.environment:checking '/home/root123/桌面/AIC/源码（国赛）/install_run/linkattacher_msgs/bin'
[1.141s] Level 1:colcon.colcon_core.environment:checking '/home/root123/桌面/AIC/源码（国赛）/install_run/linkattacher_msgs/lib/pkgconfig/linkattacher_msgs.pc'
[1.141s] Level 1:colcon.colcon_core.environment:checking '/home/root123/桌面/AIC/源码（国赛）/install_run/linkattacher_msgs/lib/python3.10/site-packages'
[1.141s] Level 1:colcon.colcon_core.environment:checking '/home/root123/桌面/AIC/源码（国赛）/install_run/linkattacher_msgs/bin'
[1.142s] INFO:colcon.colcon_core.shell:Creating package script '/home/root123/桌面/AIC/源码（国赛）/install_run/linkattacher_msgs/share/linkattacher_msgs/package.ps1'
[1.142s] INFO:colcon.colcon_core.shell:Creating package descriptor '/home/root123/桌面/AIC/源码（国赛）/install_run/linkattacher_msgs/share/linkattacher_msgs/package.dsv'
[1.142s] INFO:colcon.colcon_core.shell:Creating package script '/home/root123/桌面/AIC/源码（国赛）/install_run/linkattacher_msgs/share/linkattacher_msgs/package.sh'
[1.142s] INFO:colcon.colcon_core.shell:Creating package script '/home/root123/桌面/AIC/源码（国赛）/install_run/linkattacher_msgs/share/linkattacher_msgs/package.bash'
[1.142s] INFO:colcon.colcon_core.shell:Creating package script '/home/root123/桌面/AIC/源码（国赛）/install_run/linkattacher_msgs/share/linkattacher_msgs/package.zsh'
[1.143s] Level 1:colcon.colcon_core.environment:create_file_with_runtime_dependencies(/home/root123/桌面/AIC/源码（国赛）/install_run/linkattacher_msgs/share/colcon-core/packages/linkattacher_msgs)
[1.358s] DEBUG:colcon.colcon_parallel_executor.executor.parallel:closing loop
[1.358s] DEBUG:colcon.colcon_parallel_executor.executor.parallel:loop closed
[1.358s] DEBUG:colcon.colcon_parallel_executor.executor.parallel:run_until_complete finished with '1'
[1.359s] DEBUG:colcon.colcon_core.event_reactor:joining thread
[1.363s] INFO:colcon.colcon_core.plugin_system:Skipping extension 'colcon_notification.desktop_notification.terminal_notifier': Not used on non-Darwin systems
[1.363s] INFO:colcon.colcon_core.plugin_system:Skipping extension 'colcon_notification.desktop_notification.win32': Not used on non-Windows systems
[1.364s] INFO:colcon.colcon_notification.desktop_notification:Sending desktop notification using 'notify2'
[1.536s] DEBUG:colcon.colcon_core.event_reactor:joined thread
[1.536s] INFO:colcon.colcon_core.shell:Creating prefix script '/home/root123/桌面/AIC/源码（国赛）/install_run/local_setup.ps1'
[1.541s] INFO:colcon.colcon_core.shell:Creating prefix util module '/home/root123/桌面/AIC/源码（国赛）/install_run/_local_setup_util_ps1.py'
[1.543s] INFO:colcon.colcon_core.shell:Creating prefix chain script '/home/root123/桌面/AIC/源码（国赛）/install_run/setup.ps1'
[1.543s] INFO:colcon.colcon_core.shell:Creating prefix script '/home/root123/桌面/AIC/源码（国赛）/install_run/local_setup.sh'
[1.544s] INFO:colcon.colcon_core.shell:Creating prefix util module '/home/root123/桌面/AIC/源码（国赛）/install_run/_local_setup_util_sh.py'
[1.544s] INFO:colcon.colcon_core.shell:Creating prefix chain script '/home/root123/桌面/AIC/源码（国赛）/install_run/setup.sh'
[1.545s] INFO:colcon.colcon_core.shell:Creating prefix script '/home/root123/桌面/AIC/源码（国赛）/install_run/local_setup.bash'
[1.545s] INFO:colcon.colcon_core.shell:Creating prefix chain script '/home/root123/桌面/AIC/源码（国赛）/install_run/setup.bash'
[1.546s] INFO:colcon.colcon_core.shell:Creating prefix script '/home/root123/桌面/AIC/源码（国赛）/install_run/local_setup.zsh'
[1.546s] INFO:colcon.colcon_core.shell:Creating prefix chain script '/home/root123/桌面/AIC/源码（国赛）/install_run/setup.zsh'
