[0.328s] Invoking command in '/home/root123/桌面/AIC/源码（国赛）/build/bot_navigation': CMAKE_PREFIX_PATH=/opt/ros/humble /usr/bin/cmake /home/root123/桌面/AIC/源码（国赛）/src/yzbot/bot_navigation -DAMENT_CMAKE_SYMLINK_INSTALL=1 -DCMAKE_INSTALL_PREFIX=/home/root123/桌面/AIC/源码（国赛）/install/bot_navigation
[0.959s] -- The C compiler identification is GNU 11.4.0
[0.959s] -- The CXX compiler identification is GNU 11.4.0
[0.959s] -- Detecting C compiler ABI info
[0.959s] -- Detecting C compiler ABI info - done
[0.959s] -- Check for working C compiler: /usr/bin/cc - skipped
[0.959s] -- Detecting C compile features
[0.959s] -- Detecting C compile features - done
[0.959s] -- Detecting CXX compiler ABI info
[0.959s] -- Detecting CXX compiler ABI info - done
[0.959s] -- Check for working CXX compiler: /usr/bin/c++ - skipped
[0.959s] -- Detecting CXX compile features
[0.959s] -- Detecting CXX compile features - done
[0.959s] -- Found ament_cmake: 1.3.13 (/opt/ros/humble/share/ament_cmake/cmake)
[0.959s] -- Found Python3: /usr/bin/python3 (found version "3.10.12") found components: Interpreter 
[0.959s] -- Override CMake install command with custom implementation using symlinks instead of copying resources
[0.959s] -- Found nav2_bringup: 1.1.20 (/opt/ros/humble/share/nav2_bringup/cmake)
[0.959s] -- Found ament_lint_auto: 0.12.15 (/opt/ros/humble/share/ament_lint_auto/cmake)
[0.959s] -- Added test 'copyright' to check source files copyright and LICENSE
[0.959s] -- Added test 'flake8' to check Python code syntax and style conventions
[0.959s] -- Added test 'lint_cmake' to check CMake code style
[0.959s] -- Added test 'pep257' to check Python code against some of the docstring style conventions in PEP 257
[0.959s] -- Added test 'xmllint' to check XML markup files
[0.959s] -- Configuring done
[0.959s] -- Generating done
[0.959s] -- Build files have been written to: /home/root123/桌面/AIC/源码（国赛）/build/bot_navigation
[1.117s] Invoked command in '/home/root123/桌面/AIC/源码（国赛）/build/bot_navigation' returned '0': CMAKE_PREFIX_PATH=/opt/ros/humble /usr/bin/cmake /home/root123/桌面/AIC/源码（国赛）/src/yzbot/bot_navigation -DAMENT_CMAKE_SYMLINK_INSTALL=1 -DCMAKE_INSTALL_PREFIX=/home/root123/桌面/AIC/源码（国赛）/install/bot_navigation
[1.118s] Invoking command in '/home/root123/桌面/AIC/源码（国赛）/build/bot_navigation': CMAKE_PREFIX_PATH=/opt/ros/humble /usr/bin/cmake --build /home/root123/桌面/AIC/源码（国赛）/build/bot_navigation -- -j24 -l24
